127.0.0.1 - - [12/Dec/2019:10:32:46 +0530] "GET / HTTP/1.1" 404 1074
0:0:0:0:0:0:0:1 - - [12/Dec/2019:10:37:43 +0530] "PUT /librarymanagementsystem/update-student HTTP/1.1" 200 178
0:0:0:0:0:0:0:1 - - [12/Dec/2019:10:38:23 +0530] "PUT /librarymanagementsystem/update-student HTTP/1.1" 200 178
127.0.0.1 - - [12/Dec/2019:10:43:49 +0530] "GET / HTTP/1.1" 404 1074
0:0:0:0:0:0:0:1 - - [12/Dec/2019:10:44:19 +0530] "PUT /librarymanagementsystem/update-student HTTP/1.1" 200 178
0:0:0:0:0:0:0:1 - - [12/Dec/2019:10:44:53 +0530] "PUT /librarymanagementsystem/update-student HTTP/1.1" 200 178
0:0:0:0:0:0:0:1 - - [12/Dec/2019:10:45:56 +0530] "DELETE /librarymanagementsystem/delete-user/3 HTTP/1.1" 200 14
0:0:0:0:0:0:0:1 - - [12/Dec/2019:10:46:46 +0530] "GET /librarymanagementsystem/get-allUSers HTTP/1.1" 404 1047
0:0:0:0:0:0:0:1 - - [12/Dec/2019:10:46:57 +0530] "GET /librarymanagementsystem/get-allUsers HTTP/1.1" 200 730
0:0:0:0:0:0:0:1 - - [12/Dec/2019:10:48:02 +0530] "GET /librarymanagementsystem/get-user?userID=201 HTTP/1.1" 200 313
0:0:0:0:0:0:0:1 - - [12/Dec/2019:10:50:53 +0530] "PUT /librarymanagementsystem/update-student HTTP/1.1" 200 178
0:0:0:0:0:0:0:1 - - [12/Dec/2019:10:59:15 +0530] "PUT /librarymanagementsystem/update-librarian HTTP/1.1" 200 180
0:0:0:0:0:0:0:1 - - [12/Dec/2019:11:04:59 +0530] "PUT /librarymanagementsystem/update-student HTTP/1.1" 200 178
0:0:0:0:0:0:0:1 - - [12/Dec/2019:11:19:44 +0530] "PUT /librarymanagementsystem/update-student HTTP/1.1" 200 178
0:0:0:0:0:0:0:1 - - [12/Dec/2019:11:21:10 +0530] "PUT /librarymanagementsystem/update-librarian HTTP/1.1" 200 180
0:0:0:0:0:0:0:1 - - [12/Dec/2019:11:41:10 +0530] "GET /librarymanagementsystem/student-login?userID=2&userPassword=pavan24 HTTP/1.1" 200 180
0:0:0:0:0:0:0:1 - - [12/Dec/2019:11:42:41 +0530] "GET /librarymanagementsystem/student-login?userID=2&userPassword=pavan24 HTTP/1.1" 200 180
127.0.0.1 - - [12/Dec/2019:11:43:52 +0530] "GET / HTTP/1.1" 404 1074
0:0:0:0:0:0:0:1 - - [12/Dec/2019:11:44:26 +0530] "GET /librarymanagementsystem/student-login?userID=2&userPassword=pavan24 HTTP/1.1" 200 190
0:0:0:0:0:0:0:1 - - [12/Dec/2019:11:45:17 +0530] "GET /librarymanagementsystem/student-login?userID=2&userPassword=pavan24 HTTP/1.1" 200 193
0:0:0:0:0:0:0:1 - - [12/Dec/2019:11:51:50 +0530] "GET /librarymanagementsystem/student-login?userID=2&userPassword=pavan24 HTTP/1.1" 200 193
0:0:0:0:0:0:0:1 - - [12/Dec/2019:11:52:43 +0530] "GET /librarymanagementsystem/get-allBooks HTTP/1.1" 200 186
0:0:0:0:0:0:0:1 - - [12/Dec/2019:12:37:11 +0530] "GET /librarymanagementsystem/request-book HTTP/1.1" 400 1127
0:0:0:0:0:0:0:1 - - [12/Dec/2019:12:46:02 +0530] "GET /librarymanagementsystem/request-book HTTP/1.1" 400 1127
0:0:0:0:0:0:0:1 - - [12/Dec/2019:13:09:55 +0530] "GET /librarymanagementsystem/request-book HTTP/1.1" 500 1139
0:0:0:0:0:0:0:1 - - [12/Dec/2019:13:13:14 +0530] "GET /librarymanagementsystem/request-book/1/98 HTTP/1.1" 200 175
0:0:0:0:0:0:0:1 - - [12/Dec/2019:13:18:03 +0530] "GET /librarymanagementsystem/request-book/1/98 HTTP/1.1" 200 175
127.0.0.1 - - [12/Dec/2019:13:18:23 +0530] "GET / HTTP/1.1" 404 1074
0:0:0:0:0:0:0:1 - - [12/Dec/2019:13:18:39 +0530] "GET /librarymanagementsystem/request-book/1/98 HTTP/1.1" 200 205
0:0:0:0:0:0:0:1 - - [12/Dec/2019:13:30:34 +0530] "DELETE /librarymanagementsystem/cancel-request/1/1 HTTP/1.1" 500 4686
0:0:0:0:0:0:0:1 - - [12/Dec/2019:13:31:57 +0530] "DELETE /librarymanagementsystem/cancel-request/1/1 HTTP/1.1" 500 4686
127.0.0.1 - - [12/Dec/2019:13:32:16 +0530] "GET / HTTP/1.1" 404 1074
0:0:0:0:0:0:0:1 - - [12/Dec/2019:13:32:26 +0530] "DELETE /librarymanagementsystem/cancel-request/1/1 HTTP/1.1" 200 14
127.0.0.1 - - [12/Dec/2019:16:21:55 +0530] "GET / HTTP/1.1" 404 1074
0:0:0:0:0:0:0:1 - - [12/Dec/2019:16:22:23 +0530] "GET /librarymanagementsystem/request-book/1/98 HTTP/1.1" 500 48168
0:0:0:0:0:0:0:1 - - [12/Dec/2019:16:23:44 +0530] "GET /librarymanagementsystem/request-book/1/98 HTTP/1.1" 500 48168
127.0.0.1 - - [12/Dec/2019:16:23:57 +0530] "GET / HTTP/1.1" 404 1074
0:0:0:0:0:0:0:1 - - [12/Dec/2019:16:24:05 +0530] "GET /librarymanagementsystem/request-book/1/98 HTTP/1.1" 500 48168
0:0:0:0:0:0:0:1 - - [12/Dec/2019:16:24:22 +0530] "GET /librarymanagementsystem/request-book/1/45 HTTP/1.1" 500 48168
0:0:0:0:0:0:0:1 - - [12/Dec/2019:16:26:45 +0530] "GET /librarymanagementsystem/request-book/1/45 HTTP/1.1" 200 205
127.0.0.1 - - [12/Dec/2019:17:07:00 +0530] "GET / HTTP/1.1" 404 1074
0:0:0:0:0:0:0:1 - - [12/Dec/2019:17:09:01 +0530] "GET /librarymanagementsystem/librarian-login?userID=201&userPassword=maheshmanjula HTTP/1.1" 400 1212
0:0:0:0:0:0:0:1 - - [12/Dec/2019:17:09:52 +0530] "GET /librarymanagementsystem/librarian-login?userID=201&userPassword=maheshmanjula HTTP/1.1" 400 1212
127.0.0.1 - - [12/Dec/2019:17:10:08 +0530] "GET / HTTP/1.1" 404 1074
0:0:0:0:0:0:0:1 - - [12/Dec/2019:17:10:16 +0530] "GET /librarymanagementsystem/librarian-login?userID=201&userPassword=maheshmanjula HTTP/1.1" 200 184
0:0:0:0:0:0:0:1 - - [12/Dec/2019:17:38:19 +0530] "POST /librarymanagementsystem/add-books HTTP/1.1" 200 180
0:0:0:0:0:0:0:1 - - [12/Dec/2019:17:45:35 +0530] "PUT /librarymanagementsystem/update-books HTTP/1.1" 500 59961
0:0:0:0:0:0:0:1 - - [12/Dec/2019:17:48:38 +0530] "PUT /librarymanagementsystem/update-books HTTP/1.1" 200 188
